유니버스: 55종목
$AMGN: possibly delisted; no price data found  (1d 1998-11-29 -> 1998-11-29)

1 Failed download:
['AMGN']: possibly delisted; no price data found  (1d 1998-11-29 -> 1998-11-29)
$ALL: possibly delisted; no price data found  (1d 1998-11-29 -> 1998-11-29)

1 Failed download:
['ALL']: possibly delisted; no price data found  (1d 1998-11-29 -> 1998-11-29)
$AXP: possibly delisted; no price data found  (1d 1998-11-29 -> 1998-11-29)

1 Failed download:
['AXP']: possibly delisted; no price data found  (1d 1998-11-29 -> 1998-11-29)
$ASH: possibly delisted; no price data found  (1d 1998-11-29 -> 1998-11-29)

1 Failed download:
['ASH']: possibly delisted; no price data found  (1d 1998-11-29 -> 1998-11-29)
$AIG: possibly delisted; no price data found  (1d 1998-11-29 -> 1998-11-29)

1 Failed download:
['AIG']: possibly delisted; no price data found  (1d 1998-11-29 -> 1998-11-29)
$BAC: possibly delisted; no price data found  (1d 1998-11-29 -> 1998-11-29)

1 Failed download:
['BAC']: possibly delisted; no price data found  (1d 1998-11-29 -> 1998-11-29)
$AFL: possibly delisted; no price data found  (1d 1998-11-29 -> 1998-11-29)

1 Failed download:
['AFL']: possibly delisted; no price data found  (1d 1998-11-29 -> 1998-11-29)
$AON: possibly delisted; no price data found  (1d 1998-11-29 -> 1998-11-29)

1 Failed download:
['AON']: possibly delisted; no price data found  (1d 1998-11-29 -> 1998-11-29)
$AZO: possibly delisted; no price data found  (1d 1998-11-29 -> 1998-11-29)

1 Failed download:
['AZO']: possibly delisted; no price data found  (1d 1998-11-29 -> 1998-11-29)
$APA: possibly delisted; no price data found  (1d 1998-11-29 -> 1998-11-29)

1 Failed download:
['APA']: possibly delisted; no price data found  (1d 1998-11-29 -> 1998-11-29)
$BBY: possibly delisted; no price data found  (1d 1998-11-29 -> 1998-11-29)

1 Failed download:
['BBY']: possibly delisted; no price data found  (1d 1998-11-29 -> 1998-11-29)
$BAX: possibly delisted; no price data found  (1d 1998-11-29 -> 1998-11-29)

1 Failed download:
['BAX']: possibly delisted; no price data found  (1d 1998-11-29 -> 1998-11-29)
$BUD: possibly delisted; no price data found  (1d 1998-11-29 -> 2009-06-30) (Yahoo error = "Data doesn't exist for startDate = 912315600, endDate = 1246334400")

1 Failed download:
['BUD']: possibly delisted; no price data found  (1d 1998-11-29 -> 2009-06-30) (Yahoo error = "Data doesn't exist for startDate = 912315600, endDate = 1246334400")
$CB: possibly delisted; no price data found  (1d 1998-11-29 -> 1998-11-29)

1 Failed download:
['CB']: possibly delisted; no price data found  (1d 1998-11-29 -> 1998-11-29)
$CMI: possibly delisted; no price data found  (1d 1998-11-29 -> 1998-11-29)

1 Failed download:
['CMI']: possibly delisted; no price data found  (1d 1998-11-29 -> 1998-11-29)
$COP: possibly delisted; no price data found  (1d 1998-11-29 -> 1998-11-29)

1 Failed download:
['COP']: possibly delisted; no price data found  (1d 1998-11-29 -> 1998-11-29)
$COMS: possibly delisted; no price data found  (1d 1998-11-29 -> 2008-08-14) (Yahoo error = "Data doesn't exist for startDate = 912315600, endDate = 1218686400")

1 Failed download:
['COMS']: possibly delisted; no price data found  (1d 1998-11-29 -> 2008-08-14) (Yahoo error = "Data doesn't exist for startDate = 912315600, endDate = 1218686400")
$DXC: possibly delisted; no price data found  (1d 1998-11-29 -> 1998-11-29)

1 Failed download:
['DXC']: possibly delisted; no price data found  (1d 1998-11-29 -> 1998-11-29)
$CVS: possibly delisted; no price data found  (1d 1998-11-29 -> 1998-11-29)

1 Failed download:
['CVS']: possibly delisted; no price data found  (1d 1998-11-29 -> 1998-11-29)
$EFX: possibly delisted; no price data found  (1d 1998-11-29 -> 1998-11-29)

1 Failed download:
['EFX']: possibly delisted; no price data found  (1d 1998-11-29 -> 1998-11-29)
$EC: possibly delisted; no price data found  (1d 1998-11-29 -> 2008-09-17) (Yahoo error = "Data doesn't exist for startDate = 912315600, endDate = 1221624000")

1 Failed download:
['EC']: possibly delisted; no price data found  (1d 1998-11-29 -> 2008-09-17) (Yahoo error = "Data doesn't exist for startDate = 912315600, endDate = 1221624000")
$EXC: possibly delisted; no price data found  (1d 1998-11-29 -> 1998-11-29)

1 Failed download:
['EXC']: possibly delisted; no price data found  (1d 1998-11-29 -> 1998-11-29)
$FMC: possibly delisted; no price data found  (1d 1998-11-29 -> 1998-11-29)

1 Failed download:
['FMC']: possibly delisted; no price data found  (1d 1998-11-29 -> 1998-11-29)
$GIS: possibly delisted; no price data found  (1d 1998-11-29 -> 1998-11-29)

1 Failed download:
['GIS']: possibly delisted; no price data found  (1d 1998-11-29 -> 1998-11-29)
$HAL: possibly delisted; no price data found  (1d 1998-11-29 -> 1998-11-29)

1 Failed download:
['HAL']: possibly delisted; no price data found  (1d 1998-11-29 -> 1998-11-29)
$HAS: possibly delisted; no price data found  (1d 1998-11-29 -> 1998-11-29)

1 Failed download:
['HAS']: possibly delisted; no price data found  (1d 1998-11-29 -> 1998-11-29)
$HPQ: possibly delisted; no price data found  (1d 1998-11-29 -> 1998-11-29)

1 Failed download:
['HPQ']: possibly delisted; no price data found  (1d 1998-11-29 -> 1998-11-29)
$HRB: possibly delisted; no price data found  (1d 1998-11-29 -> 1998-11-29)

1 Failed download:
['HRB']: possibly delisted; no price data found  (1d 1998-11-29 -> 1998-11-29)
$IBM: possibly delisted; no price data found  (1d 1998-11-29 -> 1998-11-29)

1 Failed download:
['IBM']: possibly delisted; no price data found  (1d 1998-11-29 -> 1998-11-29)
$JPM: possibly delisted; no price data found  (1d 1998-11-29 -> 1998-11-29)

1 Failed download:
['JPM']: possibly delisted; no price data found  (1d 1998-11-29 -> 1998-11-29)
$L: possibly delisted; no price data found  (1d 1998-11-29 -> 1998-11-29)

1 Failed download:
['L']: possibly delisted; no price data found  (1d 1998-11-29 -> 1998-11-29)
$LOW: possibly delisted; no price data found  (1d 1998-11-29 -> 1998-11-29)

1 Failed download:
['LOW']: possibly delisted; no price data found  (1d 1998-11-29 -> 1998-11-29)
$LLY: possibly delisted; no price data found  (1d 1998-11-29 -> 1998-11-29)

1 Failed download:
['LLY']: possibly delisted; no price data found  (1d 1998-11-29 -> 1998-11-29)
$M: possibly delisted; no price data found  (1d 1998-11-29 -> 1998-11-29)

1 Failed download:
['M']: possibly delisted; no price data found  (1d 1998-11-29 -> 1998-11-29)
$MCD: possibly delisted; no price data found  (1d 1998-11-29 -> 1998-11-29)

1 Failed download:
['MCD']: possibly delisted; no price data found  (1d 1998-11-29 -> 1998-11-29)
$MCO: possibly delisted; no price data found  (1d 1998-11-29 -> 1998-11-29)

1 Failed download:
['MCO']: possibly delisted; no price data found  (1d 1998-11-29 -> 1998-11-29)
$MMM: possibly delisted; no price data found  (1d 1998-11-29 -> 1998-11-29)

1 Failed download:
['MMM']: possibly delisted; no price data found  (1d 1998-11-29 -> 1998-11-29)
$MO: possibly delisted; no price data found  (1d 1998-11-29 -> 1998-11-29)

1 Failed download:
['MO']: possibly delisted; no price data found  (1d 1998-11-29 -> 1998-11-29)
$MSI: possibly delisted; no price data found  (1d 1998-11-29 -> 1998-11-29)

1 Failed download:
['MSI']: possibly delisted; no price data found  (1d 1998-11-29 -> 1998-11-29)
$MU: possibly delisted; no price data found  (1d 1998-11-29 -> 1998-11-29)

1 Failed download:
['MU']: possibly delisted; no price data found  (1d 1998-11-29 -> 1998-11-29)
$NWL: possibly delisted; no price data found  (1d 1998-11-29 -> 1998-11-29)

1 Failed download:
['NWL']: possibly delisted; no price data found  (1d 1998-11-29 -> 1998-11-29)
$SLM: possibly delisted; no price data found  (1d 1998-11-29 -> 1998-11-29)

1 Failed download:
['SLM']: possibly delisted; no price data found  (1d 1998-11-29 -> 1998-11-29)
$SUB: possibly delisted; no price data found  (1d 1998-11-29 -> 2008-11-18) (Yahoo error = "Data doesn't exist for startDate = 912315600, endDate = 1226984400")

1 Failed download:
['SUB']: possibly delisted; no price data found  (1d 1998-11-29 -> 2008-11-18) (Yahoo error = "Data doesn't exist for startDate = 912315600, endDate = 1226984400")
$TER: possibly delisted; no price data found  (1d 1998-11-29 -> 1998-11-29)

1 Failed download:
['TER']: possibly delisted; no price data found  (1d 1998-11-29 -> 1998-11-29)
$T: possibly delisted; no price data found  (1d 1998-11-29 -> 1998-11-29)

1 Failed download:
['T']: possibly delisted; no price data found  (1d 1998-11-29 -> 1998-11-29)
$TWX: possibly delisted; no price data found  (1d 1998-11-29 -> 1998-11-29)

1 Failed download:
['TWX']: possibly delisted; no price data found  (1d 1998-11-29 -> 1998-11-29)
$TROW: possibly delisted; no price data found  (1d 1998-11-29 -> 1998-11-29)

1 Failed download:
['TROW']: possibly delisted; no price data found  (1d 1998-11-29 -> 1998-11-29)
$UNM: possibly delisted; no price data found  (1d 1998-11-29 -> 1998-11-29)

1 Failed download:
['UNM']: possibly delisted; no price data found  (1d 1998-11-29 -> 1998-11-29)
$VMC: possibly delisted; no price data found  (1d 1998-11-29 -> 1998-11-29)

1 Failed download:
['VMC']: possibly delisted; no price data found  (1d 1998-11-29 -> 1998-11-29)
$TX: possibly delisted; no price data found  (1d 1998-11-29 -> 2006-01-31) (Yahoo error = "Data doesn't exist for startDate = 912315600, endDate = 1138683600")

1 Failed download:
['TX']: possibly delisted; no price data found  (1d 1998-11-29 -> 2006-01-31) (Yahoo error = "Data doesn't exist for startDate = 912315600, endDate = 1138683600")
$WEN: possibly delisted; no price data found  (1d 1998-11-29 -> 1998-11-29)

1 Failed download:
['WEN']: possibly delisted; no price data found  (1d 1998-11-29 -> 1998-11-29)
$VO: possibly delisted; no price data found  (1d 1998-11-29 -> 2004-01-29) (Yahoo error = "Data doesn't exist for startDate = 912315600, endDate = 1075352400")

1 Failed download:
['VO']: possibly delisted; no price data found  (1d 1998-11-29 -> 2004-01-29) (Yahoo error = "Data doesn't exist for startDate = 912315600, endDate = 1075352400")
$WMT: possibly delisted; no price data found  (1d 1998-11-29 -> 1998-11-29)

1 Failed download:
['WMT']: possibly delisted; no price data found  (1d 1998-11-29 -> 1998-11-29)
$XRX: possibly delisted; no price data found  (1d 1998-11-29 -> 1998-11-29)

1 Failed download:
['XRX']: possibly delisted; no price data found  (1d 1998-11-29 -> 1998-11-29)
계산 완료: 55종목

[동일가중] 전략: {'cumulative_return': 245.37, 'cagr': 10.02, 'mdd': -57.85, 'sharpe': 0.54, 'win_rate': 0.0, 'avg_holding_days': 0.0, 'trade_count': 0, 'profit_factor': 0.0, 'calmar': 0.17, 'avg_drawdown_days': 33.2}
[동일가중] 매수보유: {'cumulative_return': 245.17, 'cagr': 10.01, 'mdd': -58.8, 'sharpe': 0.53, 'win_rate': 0.0, 'avg_holding_days': 0.0, 'trade_count': 0, 'profit_factor': 0.0, 'calmar': 0.17, 'avg_drawdown_days': 34.6}

[리스크패리티] 전략: {'cumulative_return': 136.57, 'cagr': 6.86, 'mdd': -44.52, 'sharpe': 0.48, 'win_rate': 0.0, 'avg_holding_days': 0.0, 'trade_count': 0, 'profit_factor': 0.0, 'calmar': 0.15, 'avg_drawdown_days': 32.3}
[리스크패리티] 매수보유: {'cumulative_return': 151.26, 'cagr': 7.35, 'mdd': -48.39, 'sharpe': 0.47, 'win_rate': 0.0, 'avg_holding_days': 0.0, 'trade_count': 0, 'profit_factor': 0.0, 'calmar': 0.15, 'avg_drawdown_days': 34.3}

[리스크패리티+vol(window=20,target=20.0)] 전략: {'cumulative_return': 128.42, 'cagr': 6.57, 'mdd': -31.7, 'sharpe': 0.54, 'win_rate': 0.0, 'avg_holding_days': 0.0, 'trade_count': 0, 'profit_factor': 0.0, 'calmar': 0.21, 'avg_drawdown_days': 34.0}
[리스크패리티+vol(window=20,target=20.0)] 매수보유: {'cumulative_return': 139.52, 'cagr': 6.96, 'mdd': -33.59, 'sharpe': 0.53, 'win_rate': 0.0, 'avg_holding_days': 0.0, 'trade_count': 0, 'profit_factor': 0.0, 'calmar': 0.21, 'avg_drawdown_days': 36.9}

[리스크패리티+vol(window=5,target=20.0)] 전략: {'cumulative_return': 117.19, 'cagr': 6.15, 'mdd': -32.68, 'sharpe': 0.5, 'win_rate': 0.0, 'avg_holding_days': 0.0, 'trade_count': 0, 'profit_factor': 0.0, 'calmar': 0.19, 'avg_drawdown_days': 36.7}
[리스크패리티+vol(window=5,target=20.0)] 매수보유: {'cumulative_return': 131.73, 'cagr': 6.69, 'mdd': -32.78, 'sharpe': 0.51, 'win_rate': 0.0, 'avg_holding_days': 0.0, 'trade_count': 0, 'profit_factor': 0.0, 'calmar': 0.2, 'avg_drawdown_days': 35.5}

S&P500(2000~2012): {'cumulative_return': -3.63, 'cagr': -0.28, 'mdd': -56.78, 'sharpe': 0.09, 'win_rate': 0.0, 'avg_holding_days': 4743.0, 'trade_count': 1, 'profit_factor': 0.0, 'calmar': -0.01, 'avg_drawdown_days': 351.2}
DONE
