$TLT: possibly delisted; no price data found  (1d 1996-03-20 -> 2002-07-29) (Yahoo error = "Data doesn't exist for startDate = 827298000, endDate = 1027915200")
$GLD: possibly delisted; no price data found  (1d 1996-03-20 -> 2004-11-17) (Yahoo error = "Data doesn't exist for startDate = 827298000, endDate = 1100667600")

1 Failed download:
['TLT']: possibly delisted; no price data found  (1d 1996-03-20 -> 2002-07-29) (Yahoo error = "Data doesn't exist for startDate = 827298000, endDate = 1027915200")

1 Failed download:
['GLD']: possibly delisted; no price data found  (1d 1996-03-20 -> 2004-11-17) (Yahoo error = "Data doesn't exist for startDate = 827298000, endDate = 1100667600")
전체 구간: 1998-01-02 ~ 2026-08-11, 7195거래일
/workspaces/Quant/analysis/kostolany_market_report_2026-08-12/multi_regime_multi_strategy.py:63: FutureWarning: The behavior of DataFrame.idxmax with all-NA values, or any-NA and skipna=False, is deprecated. In a future version this will raise ValueError
  leader = z_scores.idxmax(axis=1)
국면 분포(전체): {'쏠림강세': 3710, '약세장': 2099, '횡보장': 1252, '광범위강세': 134}
쏠림강세 리더 국가 분포: {'EWC': 766, 'EWS': 761, 'EWG': 511, 'EWJ': 367, 'EWQ': 365, 'EWA': 349, 'EWH': 318, 'EWL': 270, 'EWU': 3}
[검증] 비중 합계 최대 이탈: 0.000000

--- 1998_2012 (1998-01-02~2012-12-31) ---
[국가ETF 확정시스템]: {'cumulative_return': 75.77, 'cagr': 3.83, 'mdd': -44.99, 'sharpe': 0.32, 'win_rate': 0.0, 'avg_holding_days': 0.0, 'trade_count': 0, 'profit_factor': 0.0, 'calmar': 0.09, 'avg_drawdown_days': 74.1}
[국가ETF 동일가중 매수보유]: {'cumulative_return': 96.99, 'cagr': 4.63, 'mdd': -61.91, 'sharpe': 0.31, 'win_rate': 0.0, 'avg_holding_days': 0.0, 'trade_count': 0, 'profit_factor': 0.0, 'calmar': 0.07, 'avg_drawdown_days': 42.1}
S&P500: {'cumulative_return': 43.83, 'cagr': 2.45, 'mdd': -56.78, 'sharpe': 0.22, 'win_rate': 100.0, 'avg_holding_days': 5474.0, 'trade_count': 1, 'profit_factor': 999.0, 'calmar': 0.04, 'avg_drawdown_days': 64.5}

--- 2013_2026 (2013-01-02~2026-08-11) ---
[국가ETF 확정시스템]: {'cumulative_return': 55.22, 'cagr': 3.28, 'mdd': -27.88, 'sharpe': 0.32, 'win_rate': 0.0, 'avg_holding_days': 0.0, 'trade_count': 0, 'profit_factor': 0.0, 'calmar': 0.12, 'avg_drawdown_days': 73.4}
[국가ETF 동일가중 매수보유]: {'cumulative_return': 76.32, 'cagr': 4.26, 'mdd': -39.15, 'sharpe': 0.34, 'win_rate': 0.0, 'avg_holding_days': 0.0, 'trade_count': 0, 'profit_factor': 0.0, 'calmar': 0.11, 'avg_drawdown_days': 64.2}
S&P500: {'cumulative_return': 430.16, 'cagr': 13.05, 'mdd': -33.92, 'sharpe': 0.81, 'win_rate': 100.0, 'avg_holding_days': 4968.0, 'trade_count': 1, 'profit_factor': 999.0, 'calmar': 0.38, 'avg_drawdown_days': 17.3}

--- full_1998_2026 (1998-01-02~2026-08-11) ---
[국가ETF 확정시스템]: {'cumulative_return': 176.93, 'cagr': 3.63, 'mdd': -44.99, 'sharpe': 0.32, 'win_rate': 0.0, 'avg_holding_days': 0.0, 'trade_count': 0, 'profit_factor': 0.0, 'calmar': 0.08, 'avg_drawdown_days': 93.1}
[국가ETF 동일가중 매수보유]: {'cumulative_return': 252.79, 'cagr': 4.51, 'mdd': -61.91, 'sharpe': 0.32, 'win_rate': 0.0, 'avg_holding_days': 0.0, 'trade_count': 0, 'profit_factor': 0.0, 'calmar': 0.07, 'avg_drawdown_days': 85.2}
S&P500: {'cumulative_return': 695.16, 'cagr': 7.52, 'mdd': -56.78, 'sharpe': 0.47, 'win_rate': 100.0, 'avg_holding_days': 10447.0, 'trade_count': 1, 'profit_factor': 999.0, 'calmar': 0.13, 'avg_drawdown_days': 33.6}

DONE
