구간: 2004-01-01 ~ 2026-08-12
$TLT: possibly delisted; no price data found  (1d 2002-03-20 -> 2002-07-29) (Yahoo error = "Data doesn't exist for startDate = 1016600400, endDate = 1027915200")
$GLD: possibly delisted; no price data found  (1d 2002-03-20 -> 2004-11-17) (Yahoo error = "Data doesn't exist for startDate = 1016600400, endDate = 1100667600")

1 Failed download:
['TLT']: possibly delisted; no price data found  (1d 2002-03-20 -> 2002-07-29) (Yahoo error = "Data doesn't exist for startDate = 1016600400, endDate = 1027915200")

1 Failed download:
['GLD']: possibly delisted; no price data found  (1d 2002-03-20 -> 2004-11-17) (Yahoo error = "Data doesn't exist for startDate = 1016600400, endDate = 1100667600")
/workspaces/Quant/analysis/kostolany_market_report_2026-08-12/multi_regime_multi_strategy.py:63: FutureWarning: The behavior of DataFrame.idxmax with all-NA values, or any-NA and skipna=False, is deprecated. In a future version this will raise ValueError
  leader = z_scores.idxmax(axis=1)
[선진국9개국만(2004~)]: CAGR=4.51, MDD=-27.88, 샤프=0.39, calmar=0.16
$EEM: possibly delisted; no price data found  (1d 2002-03-20 -> 2003-04-13) (Yahoo error = "Data doesn't exist for startDate = 1016600400, endDate = 1050206400")

1 Failed download:
['EEM']: possibly delisted; no price data found  (1d 2002-03-20 -> 2003-04-13) (Yahoo error = "Data doesn't exist for startDate = 1016600400, endDate = 1050206400")
$GLD: possibly delisted; no price data found  (1d 2002-03-20 -> 2004-11-17) (Yahoo error = "Data doesn't exist for startDate = 1016600400, endDate = 1100667600")
$TLT: possibly delisted; no price data found  (1d 2002-03-20 -> 2002-07-29) (Yahoo error = "Data doesn't exist for startDate = 1016600400, endDate = 1027915200")

1 Failed download:
['GLD']: possibly delisted; no price data found  (1d 2002-03-20 -> 2004-11-17) (Yahoo error = "Data doesn't exist for startDate = 1016600400, endDate = 1100667600")

1 Failed download:
['TLT']: possibly delisted; no price data found  (1d 2002-03-20 -> 2002-07-29) (Yahoo error = "Data doesn't exist for startDate = 1016600400, endDate = 1027915200")
/workspaces/Quant/analysis/kostolany_market_report_2026-08-12/multi_regime_multi_strategy.py:63: FutureWarning: The behavior of DataFrame.idxmax with all-NA values, or any-NA and skipna=False, is deprecated. In a future version this will raise ValueError
  leader = z_scores.idxmax(axis=1)
[선진국9+신흥국4(2004~)]: CAGR=5.92, MDD=-35.86, 샤프=0.45, calmar=0.17
S&P500: {'cumulative_return': 599.44, 'cagr': 8.99, 'mdd': -56.78, 'sharpe': 0.55, 'win_rate': 100.0, 'avg_holding_days': 8256.0, 'trade_count': 1, 'profit_factor': 999.0, 'calmar': 0.16, 'avg_drawdown_days': 26.0}

DONE
