
=============== 강세장 ===============
$XLRE: possibly delisted; no price data found  (1d 2011-11-02 -> 2015-10-07) (Yahoo error = "Data doesn't exist for startDate = 1320206400, endDate = 1444190400")
$XLC: possibly delisted; no price data found  (1d 2011-11-02 -> 2018-06-18) (Yahoo error = "Data doesn't exist for startDate = 1320206400, endDate = 1529294400")

1 Failed download:
['XLC']: possibly delisted; no price data found  (1d 2011-11-02 -> 2018-06-18) (Yahoo error = "Data doesn't exist for startDate = 1320206400, endDate = 1529294400")

1 Failed download:
['XLRE']: possibly delisted; no price data found  (1d 2011-11-02 -> 2015-10-07) (Yahoo error = "Data doesn't exist for startDate = 1320206400, endDate = 1444190400")
[켈리, 오버레이 없음]: {'cumulative_return': 186.9, 'cagr': 9.51, 'mdd': -34.11, 'sharpe': 0.62, 'win_rate': 0.0, 'avg_holding_days': 0.0, 'trade_count': 0, 'profit_factor': 0.0, 'calmar': 0.28, 'avg_drawdown_days': 23.6}
[리스크패리티, 오버레이 없음]: {'cumulative_return': 168.64, 'cagr': 8.89, 'mdd': -36.01, 'sharpe': 0.61, 'win_rate': 0.0, 'avg_holding_days': 0.0, 'trade_count': 0, 'profit_factor': 0.0, 'calmar': 0.25, 'avg_drawdown_days': 24.7}
[켈리+변동성타게팅]: {'cumulative_return': 184.57, 'cagr': 9.43, 'mdd': -20.15, 'sharpe': 0.75, 'win_rate': 0.0, 'avg_holding_days': 0.0, 'trade_count': 0, 'profit_factor': 0.0, 'calmar': 0.47, 'avg_drawdown_days': 24.0}
[리스크패리티+변동성타게팅]: {'cumulative_return': 184.25, 'cagr': 9.42, 'mdd': -18.56, 'sharpe': 0.78, 'win_rate': 0.0, 'avg_holding_days': 0.0, 'trade_count': 0, 'profit_factor': 0.0, 'calmar': 0.51, 'avg_drawdown_days': 23.2}
S&P500: {'cumulative_return': 276.69, 'cagr': 12.11, 'mdd': -33.92, 'sharpe': 0.74, 'win_rate': 100.0, 'avg_holding_days': 4238.0, 'trade_count': 1, 'profit_factor': 999.0, 'calmar': 0.36, 'avg_drawdown_days': 19.5}

=============== 약세장포함 ===============
$XLV: possibly delisted; no price data found  (1d 1996-11-03 -> 1998-12-21) (Yahoo error = "Data doesn't exist for startDate = 846997200, endDate = 914216400")

1 Failed download:
['XLV']: possibly delisted; no price data found  (1d 1996-11-03 -> 1998-12-21) (Yahoo error = "Data doesn't exist for startDate = 846997200, endDate = 914216400")
$XLK: possibly delisted; no price data found  (1d 1996-11-03 -> 1998-12-21) (Yahoo error = "Data doesn't exist for startDate = 846997200, endDate = 914216400")

1 Failed download:
['XLK']: possibly delisted; no price data found  (1d 1996-11-03 -> 1998-12-21) (Yahoo error = "Data doesn't exist for startDate = 846997200, endDate = 914216400")
$XLI: possibly delisted; no price data found  (1d 1996-11-03 -> 1998-12-21) (Yahoo error = "Data doesn't exist for startDate = 846997200, endDate = 914216400")
$XLP: possibly delisted; no price data found  (1d 1996-11-03 -> 1998-12-21) (Yahoo error = "Data doesn't exist for startDate = 846997200, endDate = 914216400")

1 Failed download:
['XLP']: possibly delisted; no price data found  (1d 1996-11-03 -> 1998-12-21) (Yahoo error = "Data doesn't exist for startDate = 846997200, endDate = 914216400")

1 Failed download:
['XLI']: possibly delisted; no price data found  (1d 1996-11-03 -> 1998-12-21) (Yahoo error = "Data doesn't exist for startDate = 846997200, endDate = 914216400")
$XLE: possibly delisted; no price data found  (1d 1996-11-03 -> 1998-12-21) (Yahoo error = "Data doesn't exist for startDate = 846997200, endDate = 914216400")
$XLF: possibly delisted; no price data found  (1d 1996-11-03 -> 1998-12-21) (Yahoo error = "Data doesn't exist for startDate = 846997200, endDate = 914216400")

1 Failed download:
['XLE']: possibly delisted; no price data found  (1d 1996-11-03 -> 1998-12-21) (Yahoo error = "Data doesn't exist for startDate = 846997200, endDate = 914216400")

1 Failed download:
['XLF']: possibly delisted; no price data found  (1d 1996-11-03 -> 1998-12-21) (Yahoo error = "Data doesn't exist for startDate = 846997200, endDate = 914216400")
$XLY: possibly delisted; no price data found  (1d 1996-11-03 -> 1998-12-21) (Yahoo error = "Data doesn't exist for startDate = 846997200, endDate = 914216400")
$XLB: possibly delisted; no price data found  (1d 1996-11-03 -> 1998-12-21) (Yahoo error = "Data doesn't exist for startDate = 846997200, endDate = 914216400")

1 Failed download:
['XLB']: possibly delisted; no price data found  (1d 1996-11-03 -> 1998-12-21) (Yahoo error = "Data doesn't exist for startDate = 846997200, endDate = 914216400")

1 Failed download:
['XLY']: possibly delisted; no price data found  (1d 1996-11-03 -> 1998-12-21) (Yahoo error = "Data doesn't exist for startDate = 846997200, endDate = 914216400")
$XLU: possibly delisted; no price data found  (1d 1996-11-03 -> 1998-12-21) (Yahoo error = "Data doesn't exist for startDate = 846997200, endDate = 914216400")

1 Failed download:
['XLU']: possibly delisted; no price data found  (1d 1996-11-03 -> 1998-12-21) (Yahoo error = "Data doesn't exist for startDate = 846997200, endDate = 914216400")
[켈리, 오버레이 없음]: {'cumulative_return': 6.05, 'cagr': 0.45, 'mdd': -53.76, 'sharpe': 0.13, 'win_rate': 0.0, 'avg_holding_days': 0.0, 'trade_count': 0, 'profit_factor': 0.0, 'calmar': 0.01, 'avg_drawdown_days': 130.0}
[리스크패리티, 오버레이 없음]: {'cumulative_return': 44.66, 'cagr': 2.88, 'mdd': -50.53, 'sharpe': 0.25, 'win_rate': 0.0, 'avg_holding_days': 0.0, 'trade_count': 0, 'profit_factor': 0.0, 'calmar': 0.06, 'avg_drawdown_days': 65.9}
[켈리+변동성타게팅]: {'cumulative_return': -7.74, 'cagr': -0.62, 'mdd': -57.42, 'sharpe': 0.05, 'win_rate': 0.0, 'avg_holding_days': 0.0, 'trade_count': 0, 'profit_factor': 0.0, 'calmar': -0.01, 'avg_drawdown_days': 80.0}
[리스크패리티+변동성타게팅]: {'cumulative_return': 33.62, 'cagr': 2.26, 'mdd': -38.21, 'sharpe': 0.22, 'win_rate': 0.0, 'avg_holding_days': 0.0, 'trade_count': 0, 'profit_factor': 0.0, 'calmar': 0.06, 'avg_drawdown_days': 76.4}
S&P500: {'cumulative_return': -2.55, 'cagr': -0.2, 'mdd': -56.78, 'sharpe': 0.1, 'win_rate': 0.0, 'avg_holding_days': 4742.0, 'trade_count': 1, 'profit_factor': 0.0, 'calmar': -0.0, 'avg_drawdown_days': 351.2}

DONE
