
==================== 강세장 (2015-01-01~2026-08-12) ====================
[A] SPY 매수보유(오버레이 없음): {'cumulative_return': 275.1, 'cagr': 12.07, 'mdd': -34.1, 'sharpe': 0.74, 'win_rate': 0.0, 'avg_holding_days': 0.0, 'trade_count': 0, 'profit_factor': 0.0, 'calmar': 0.35, 'avg_drawdown_days': 19.6}
  [A] SPY+vol(window=20,target=15.0): {'cumulative_return': 207.85, 'cagr': 10.17, 'mdd': -19.28, 'sharpe': 0.81, 'win_rate': 0.0, 'avg_holding_days': 0.0, 'trade_count': 0, 'profit_factor': 0.0, 'calmar': 0.53, 'avg_drawdown_days': 23.6}
  [A] SPY+vol(window=5,target=15.0): {'cumulative_return': 241.7, 'cagr': 11.17, 'mdd': -19.41, 'sharpe': 0.89, 'win_rate': 0.0, 'avg_holding_days': 0.0, 'trade_count': 0, 'profit_factor': 0.0, 'calmar': 0.58, 'avg_drawdown_days': 22.7}
  [A] SPY+vol(window=5,target=20.0): {'cumulative_return': 290.07, 'cagr': 12.44, 'mdd': -20.33, 'sharpe': 0.89, 'win_rate': 0.0, 'avg_holding_days': 0.0, 'trade_count': 0, 'profit_factor': 0.0, 'calmar': 0.61, 'avg_drawdown_days': 20.0}
$XLRE: possibly delisted; no price data found  (1d 2013-11-27 -> 2015-10-07) (Yahoo error = "Data doesn't exist for startDate = 1385528400, endDate = 1444190400")
$XLC: possibly delisted; no price data found  (1d 2013-11-27 -> 2018-06-18) (Yahoo error = "Data doesn't exist for startDate = 1385528400, endDate = 1529294400")

1 Failed download:
['XLC']: possibly delisted; no price data found  (1d 2013-11-27 -> 2018-06-18) (Yahoo error = "Data doesn't exist for startDate = 1385528400, endDate = 1529294400")

1 Failed download:
['XLRE']: possibly delisted; no price data found  (1d 2013-11-27 -> 2015-10-07) (Yahoo error = "Data doesn't exist for startDate = 1385528400, endDate = 1444190400")
[B] 사용 가능한 섹터 ETF: ['XLK', 'XLF', 'XLV', 'XLY', 'XLP', 'XLE', 'XLI', 'XLB', 'XLU', 'XLRE', 'XLC']
[B] 섹터 동일가중(오버레이 없음): {'cumulative_return': 180.44, 'cagr': 9.29, 'mdd': -36.83, 'sharpe': 0.62, 'win_rate': 0.0, 'avg_holding_days': 0.0, 'trade_count': 0, 'profit_factor': 0.0, 'calmar': 0.25, 'avg_drawdown_days': 24.5}
[B] 섹터 리스크패리티(오버레이 없음): {'cumulative_return': 168.84, 'cagr': 8.89, 'mdd': -35.77, 'sharpe': 0.62, 'win_rate': 0.0, 'avg_holding_days': 0.0, 'trade_count': 0, 'profit_factor': 0.0, 'calmar': 0.25, 'avg_drawdown_days': 23.9}
  [B] 섹터리스크패리티+vol(window=20,target=15.0): {'cumulative_return': 138.93, 'cagr': 7.79, 'mdd': -16.93, 'sharpe': 0.7, 'win_rate': 0.0, 'avg_holding_days': 0.0, 'trade_count': 0, 'profit_factor': 0.0, 'calmar': 0.46, 'avg_drawdown_days': 26.5}
  [B] 섹터리스크패리티+vol(window=5,target=15.0): {'cumulative_return': 175.62, 'cagr': 9.13, 'mdd': -17.67, 'sharpe': 0.81, 'win_rate': 0.0, 'avg_holding_days': 0.0, 'trade_count': 0, 'profit_factor': 0.0, 'calmar': 0.52, 'avg_drawdown_days': 22.9}
  [B] 섹터리스크패리티+vol(window=5,target=20.0): {'cumulative_return': 190.03, 'cagr': 9.61, 'mdd': -17.99, 'sharpe': 0.79, 'win_rate': 0.0, 'avg_holding_days': 0.0, 'trade_count': 0, 'profit_factor': 0.0, 'calmar': 0.53, 'avg_drawdown_days': 22.9}
S&P500 매수보유: {'cumulative_return': 275.48, 'cagr': 12.08, 'mdd': -33.92, 'sharpe': 0.73, 'win_rate': 100.0, 'avg_holding_days': 4239.0, 'trade_count': 1, 'profit_factor': 999.0, 'calmar': 0.36, 'avg_drawdown_days': 19.5}

==================== 약세장포함 (2000-01-03~2012-12-31) ====================
[A] SPY 매수보유(오버레이 없음): {'cumulative_return': -3.72, 'cagr': -0.29, 'mdd': -56.47, 'sharpe': 0.09, 'win_rate': 0.0, 'avg_holding_days': 0.0, 'trade_count': 0, 'profit_factor': 0.0, 'calmar': -0.01, 'avg_drawdown_days': 312.0}
  [A] SPY+vol(window=20,target=15.0): {'cumulative_return': -1.25, 'cagr': -0.1, 'mdd': -46.51, 'sharpe': 0.06, 'win_rate': 0.0, 'avg_holding_days': 0.0, 'trade_count': 0, 'profit_factor': 0.0, 'calmar': -0.0, 'avg_drawdown_days': 769.8}
  [A] SPY+vol(window=5,target=15.0): {'cumulative_return': -0.88, 'cagr': -0.07, 'mdd': -46.55, 'sharpe': 0.07, 'win_rate': 0.0, 'avg_holding_days': 0.0, 'trade_count': 0, 'profit_factor': 0.0, 'calmar': -0.0, 'avg_drawdown_days': 822.4}
  [A] SPY+vol(window=5,target=20.0): {'cumulative_return': -6.18, 'cagr': -0.49, 'mdd': -50.07, 'sharpe': 0.06, 'win_rate': 0.0, 'avg_holding_days': 0.0, 'trade_count': 0, 'profit_factor': 0.0, 'calmar': -0.01, 'avg_drawdown_days': 3.0}
[B] 사용 가능한 섹터 ETF: ['XLK', 'XLF', 'XLV', 'XLY', 'XLP', 'XLE', 'XLI', 'XLB', 'XLU']
[B] 섹터 동일가중(오버레이 없음): {'cumulative_return': 44.18, 'cagr': 2.86, 'mdd': -53.92, 'sharpe': 0.24, 'win_rate': 0.0, 'avg_holding_days': 0.0, 'trade_count': 0, 'profit_factor': 0.0, 'calmar': 0.05, 'avg_drawdown_days': 73.2}
[B] 섹터 리스크패리티(오버레이 없음): {'cumulative_return': 46.89, 'cagr': 3.01, 'mdd': -51.11, 'sharpe': 0.25, 'win_rate': 0.0, 'avg_holding_days': 0.0, 'trade_count': 0, 'profit_factor': 0.0, 'calmar': 0.06, 'avg_drawdown_days': 62.9}
  [B] 섹터리스크패리티+vol(window=20,target=15.0): {'cumulative_return': 33.74, 'cagr': 2.26, 'mdd': -38.02, 'sharpe': 0.23, 'win_rate': 0.0, 'avg_holding_days': 0.0, 'trade_count': 0, 'profit_factor': 0.0, 'calmar': 0.06, 'avg_drawdown_days': 88.6}
  [B] 섹터리스크패리티+vol(window=5,target=15.0): {'cumulative_return': 37.22, 'cagr': 2.47, 'mdd': -37.34, 'sharpe': 0.25, 'win_rate': 0.0, 'avg_holding_days': 0.0, 'trade_count': 0, 'profit_factor': 0.0, 'calmar': 0.07, 'avg_drawdown_days': 64.9}
  [B] 섹터리스크패리티+vol(window=5,target=20.0): {'cumulative_return': 38.06, 'cagr': 2.51, 'mdd': -37.63, 'sharpe': 0.24, 'win_rate': 0.0, 'avg_holding_days': 0.0, 'trade_count': 0, 'profit_factor': 0.0, 'calmar': 0.07, 'avg_drawdown_days': 76.1}
S&P500 매수보유: {'cumulative_return': -3.63, 'cagr': -0.28, 'mdd': -56.78, 'sharpe': 0.09, 'win_rate': 0.0, 'avg_holding_days': 4743.0, 'trade_count': 1, 'profit_factor': 0.0, 'calmar': -0.01, 'avg_drawdown_days': 351.2}

DONE
