$ADT: possibly delisted; no price data found  (1d 2013-11-27 -> 2018-01-18) (Yahoo error = "Data doesn't exist for startDate = 1385528400, endDate = 1516251600")

1 Failed download:
['ADT']: possibly delisted; no price data found  (1d 2013-11-27 -> 2018-01-18) (Yahoo error = "Data doesn't exist for startDate = 1385528400, endDate = 1516251600")
$NE: possibly delisted; no price data found  (1d 2013-11-27 -> 2021-06-08) (Yahoo error = "Data doesn't exist for startDate = 1385528400, endDate = 1623124800")

1 Failed download:
['NE']: possibly delisted; no price data found  (1d 2013-11-27 -> 2021-06-08) (Yahoo error = "Data doesn't exist for startDate = 1385528400, endDate = 1623124800")
생존편향 제거 유니버스: 68종목
S&P500 매수보유: {'cumulative_return': 278.28, 'cagr': 12.14, 'mdd': -33.92, 'sharpe': 0.74, 'win_rate': 100.0, 'avg_holding_days': 4242.0, 'trade_count': 1, 'profit_factor': 999.0, 'calmar': 0.36, 'avg_drawdown_days': 19.4}
전략 계산 완료: 68종목 x 2921일

[동일가중] 전략 포트폴리오(오버레이 없음): {'cumulative_return': 270.88, 'cagr': 11.95, 'mdd': -40.5, 'sharpe': 0.71, 'win_rate': 0.0, 'avg_holding_days': 0.0, 'trade_count': 0, 'profit_factor': 0.0, 'calmar': 0.29, 'avg_drawdown_days': 25.7}
[동일가중] 매수보유 포트폴리오(오버레이 없음): {'cumulative_return': 278.33, 'cagr': 12.14, 'mdd': -41.21, 'sharpe': 0.7, 'win_rate': 0.0, 'avg_holding_days': 0.0, 'trade_count': 0, 'profit_factor': 0.0, 'calmar': 0.29, 'avg_drawdown_days': 25.7}
  [동일가중+vol-target(10.0)] 전략: {'cumulative_return': 99.19, 'cagr': 6.11, 'mdd': -15.68, 'sharpe': 0.62, 'win_rate': 0.0, 'avg_holding_days': 0.0, 'trade_count': 0, 'profit_factor': 0.0, 'calmar': 0.39, 'avg_drawdown_days': 42.4}
  [동일가중+vol-target(12.0)] 전략: {'cumulative_return': 126.66, 'cagr': 7.3, 'mdd': -16.9, 'sharpe': 0.66, 'win_rate': 0.0, 'avg_holding_days': 0.0, 'trade_count': 0, 'profit_factor': 0.0, 'calmar': 0.43, 'avg_drawdown_days': 38.4}
  [동일가중+vol-target(15.0)] 전략: {'cumulative_return': 165.13, 'cagr': 8.76, 'mdd': -19.43, 'sharpe': 0.7, 'win_rate': 0.0, 'avg_holding_days': 0.0, 'trade_count': 0, 'profit_factor': 0.0, 'calmar': 0.45, 'avg_drawdown_days': 32.6}
  [동일가중+vol-target(18.0)] 전략: {'cumulative_return': 202.83, 'cagr': 10.01, 'mdd': -22.3, 'sharpe': 0.74, 'win_rate': 0.0, 'avg_holding_days': 0.0, 'trade_count': 0, 'profit_factor': 0.0, 'calmar': 0.45, 'avg_drawdown_days': 30.6}

리스크패리티 가중치 상위 5개: [('RSG', 0.0273), ('BRK-B', 0.0239), ('ED', 0.0219), ('AEP', 0.0215), ('LMT', 0.0215)]

[리스크패리티 가중] 전략 포트폴리오(오버레이 없음): {'cumulative_return': 256.23, 'cagr': 11.56, 'mdd': -37.76, 'sharpe': 0.74, 'win_rate': 0.0, 'avg_holding_days': 0.0, 'trade_count': 0, 'profit_factor': 0.0, 'calmar': 0.31, 'avg_drawdown_days': 22.6}
[리스크패리티 가중] 매수보유 포트폴리오(오버레이 없음): {'cumulative_return': 266.3, 'cagr': 11.83, 'mdd': -38.72, 'sharpe': 0.73, 'win_rate': 0.0, 'avg_holding_days': 0.0, 'trade_count': 0, 'profit_factor': 0.0, 'calmar': 0.31, 'avg_drawdown_days': 23.0}
  [리스크패리티+vol-target(10.0)] 전략: {'cumulative_return': 118.17, 'cagr': 6.95, 'mdd': -13.28, 'sharpe': 0.72, 'win_rate': 0.0, 'avg_holding_days': 0.0, 'trade_count': 0, 'profit_factor': 0.0, 'calmar': 0.52, 'avg_drawdown_days': 34.3}
  [리스크패리티+vol-target(12.0)] 전략: {'cumulative_return': 147.22, 'cagr': 8.1, 'mdd': -15.76, 'sharpe': 0.75, 'win_rate': 0.0, 'avg_holding_days': 0.0, 'trade_count': 0, 'profit_factor': 0.0, 'calmar': 0.51, 'avg_drawdown_days': 30.8}
  [리스크패리티+vol-target(15.0)] 전략: {'cumulative_return': 183.37, 'cagr': 9.38, 'mdd': -18.74, 'sharpe': 0.78, 'win_rate': 0.0, 'avg_holding_days': 0.0, 'trade_count': 0, 'profit_factor': 0.0, 'calmar': 0.5, 'avg_drawdown_days': 27.0}

=== 전체 요약 (샤프 내림차순) ===
      weighting  target_vol      base  cumulative_return   cagr    mdd  sharpe  win_rate  avg_holding_days  trade_count  profit_factor  calmar  avg_drawdown_days
10  risk_parity        15.0  strategy             183.37   9.38 -18.74    0.78       0.0               0.0            0            0.0    0.50               27.0
9   risk_parity        12.0  strategy             147.22   8.10 -15.76    0.75       0.0               0.0            0            0.0    0.51               30.8
6         equal        18.0  strategy             202.83  10.01 -22.30    0.74       0.0               0.0            0            0.0    0.45               30.6
7         equal        18.0        bh             203.94  10.04 -22.25    0.73       0.0               0.0            0            0.0    0.45               30.9
8   risk_parity        10.0  strategy             118.17   6.95 -13.28    0.72       0.0               0.0            0            0.0    0.52               34.3
4         equal        15.0  strategy             165.13   8.76 -19.43    0.70       0.0               0.0            0            0.0    0.45               32.6
5         equal        15.0        bh             166.66   8.81 -19.39    0.69       0.0               0.0            0            0.0    0.45               32.3
2         equal        12.0  strategy             126.66   7.30 -16.90    0.66       0.0               0.0            0            0.0    0.43               38.4
3         equal        12.0        bh             127.01   7.31 -17.06    0.65       0.0               0.0            0            0.0    0.43               40.5
1         equal        10.0        bh              99.27   6.12 -15.49    0.62       0.0               0.0            0            0.0    0.39               43.0
0         equal        10.0  strategy              99.19   6.11 -15.68    0.62       0.0               0.0            0            0.0    0.39               42.4

참고 S&P500: cagr=12.14, mdd=-33.92, sharpe=0.74
참고(07장, 사후편향 50종목): 전략 무오버레이 cagr=16.6, sharpe=0.97; vt12/cap1.0 cagr=12.02, sharpe=1.08
DONE
