[valuation] 1/20 VLO ...
[valuation] 2/20 MPC ...
[valuation] 3/20 CF ...
[valuation] 4/20 TRV ...
[valuation] 5/20 ALL ...
[valuation] 6/20 PSX ...
[valuation] 7/20 OXY ...
[valuation] 8/20 APA ...
[valuation] 9/20 PRU ...
[valuation] 10/20 STT ...
[valuation] 11/20 INCY ...
[valuation] 12/20 EOG ...
[valuation] 13/20 TGT ...
[valuation] 14/20 CVX ...
[valuation] 15/20 BBY ...
[valuation] 16/20 BMY ...
[valuation] 17/20 COP ...
[valuation] 18/20 HPE ...
[valuation] 19/20 CRM ...
[valuation] 20/20 SWK ...
[valuation] saved valuation_check.json
