TEDRATE(TED 스프레드) 조회 중...
TED 데이터: 8853건 (1986-01-02 ~ 2022-01-21)
※ LIBOR 폐지로 2022-01-21 이후 데이터 없음 — 2022년 이후 위기는 이 지표로 볼 수 없음
VIX(VIXCLS) 조회 중...
BAA10Y(크레딧 스프레드) 조회 중...
USREC(NBER 침체 판정) 조회 중...
S&P500(^GSPC) 조회 중...

TED 스트레스 이벤트 시작(90퍼센타일, 10거래일 지속형): 23건, 해소: 23건
  스트레스 시작: 1994-09-28 | TED=0.71%p
  스트레스 시작: 1996-12-09 | TED=0.68%p
  스트레스 시작: 1997-05-01 | TED=0.71%p
  스트레스 시작: 1997-09-16 | TED=0.76%p
  스트레스 시작: 1998-09-15 | TED=0.83%p
  스트레스 시작: 1999-09-29 | TED=1.39%p
  스트레스 시작: 2000-06-07 | TED=1.05%p
  스트레스 시작: 2004-07-07 | TED=0.30%p
  스트레스 시작: 2004-09-28 | TED=0.29%p
  스트레스 시작: 2004-12-14 | TED=0.32%p
  스트레스 시작: 2005-03-23 | TED=0.32%p
  스트레스 시작: 2005-09-21 | TED=0.62%p
  스트레스 시작: 2006-05-18 | TED=0.48%p
  스트레스 시작: 2006-09-06 | TED=0.55%p
  스트레스 시작: 2007-04-30 | TED=0.57%p
  스트레스 시작: 2007-08-09 | TED=0.83%p
  스트레스 시작: 2008-03-04 | TED=1.38%p
  스트레스 시작: 2008-04-09 | TED=1.43%p
  스트레스 시작: 2008-09-15 | TED=1.79%p
  스트레스 시작: 2015-09-16 | TED=0.28%p
  스트레스 시작: 2015-12-17 | TED=0.34%p
  스트레스 시작: 2018-03-21 | TED=0.56%p
  스트레스 시작: 2020-03-13 | TED=0.57%p

=== H1: TED 스트레스 이벤트 이후 S&P500 ===
[TED 스트레스] n=23
   +5일: -0.624% (승률 56.5%)
   +20일: -0.488% (승률 43.5%)
   +60일: 3.703% (승률 73.9%)
   +120일: 4.61% (승률 69.6%)

=== 기준선(전체 거래일 평균) ===
  +5일 기준선: 0.205%(승률58.1%)
  +20일 기준선: 0.809%(승률64.1%)
  +60일 기준선: 2.387%(승률70.6%)
  +120일 기준선: 4.738%(승률73.9%)

=== H2: TED 스트레스 이벤트와 VIX/크레딧 겹침 ===
  1994-09-28  TED=0.71  VIX당일>=30=False  크레딧스트레스중=False
  1996-12-09  TED=0.68  VIX당일>=30=False  크레딧스트레스중=False
  1997-05-01  TED=0.71  VIX당일>=30=False  크레딧스트레스중=False
  1997-09-16  TED=0.76  VIX당일>=30=False  크레딧스트레스중=False
  1998-09-15  TED=0.83  VIX당일>=30=True  크레딧스트레스중=True
  1999-09-29  TED=1.39  VIX당일>=30=False  크레딧스트레스중=False
  2000-06-07  TED=1.05  VIX당일>=30=False  크레딧스트레스중=False
  2004-07-07  TED=0.3  VIX당일>=30=False  크레딧스트레스중=False
  2004-09-28  TED=0.29  VIX당일>=30=False  크레딧스트레스중=False
  2004-12-14  TED=0.32  VIX당일>=30=False  크레딧스트레스중=False
  2005-03-23  TED=0.32  VIX당일>=30=False  크레딧스트레스중=False
  2005-09-21  TED=0.62  VIX당일>=30=False  크레딧스트레스중=False
  2006-05-18  TED=0.48  VIX당일>=30=False  크레딧스트레스중=False
  2006-09-06  TED=0.55  VIX당일>=30=False  크레딧스트레스중=False
  2007-04-30  TED=0.57  VIX당일>=30=False  크레딧스트레스중=False
  2007-08-09  TED=0.83  VIX당일>=30=False  크레딧스트레스중=False
  2008-03-04  TED=1.38  VIX당일>=30=False  크레딧스트레스중=True
  2008-04-09  TED=1.43  VIX당일>=30=False  크레딧스트레스중=True
  2008-09-15  TED=1.79  VIX당일>=30=True  크레딧스트레스중=True
  2015-09-16  TED=0.28  VIX당일>=30=False  크레딧스트레스중=True
  2015-12-17  TED=0.34  VIX당일>=30=False  크레딧스트레스중=True
  2018-03-21  TED=0.56  VIX당일>=30=False  크레딧스트레스중=False
  2020-03-13  TED=0.57  VIX당일>=30=True  크레딧스트레스중=True

요약: 전체 23건 중 그날 VIX&ge;30인 경우 3건, 크레딧스트레스중 7건, 둘다 3건

=== H3: 침체(USREC) 여부로 분리 ===
침체중 4건, 비침체중 19건

개별 사례:
  1994-09-28  침체중=False  +5일=-2.435%  +20일=-0.478%  +60일=-1.11%  +120일=6.503%
  1996-12-09  침체중=False  +5일=-3.839%  +20일=-0.18%  +60일=6.509%  +120일=12.884%
  1997-05-01  침체중=False  +5일=2.721%  +20일=6.23%  +60일=17.272%  +120일=21.759%
  1997-09-16  침체중=False  +5일=0.665%  +20일=2.606%  +60일=2.554%  +120일=12.543%
  1998-09-15  침체중=False  +5일=-0.776%  +20일=-4.132%  +60일=14.052%  +120일=23.337%
  1999-09-29  침체중=False  +5일=4.496%  +20일=2.234%  +60일=14.977%  +120일=17.779%
  2000-06-07  침체중=False  +5일=-0.056%  +20일=-0.998%  +60일=3.148%  +120일=-8.318%
  2004-07-07  침체중=False  +5일=-0.613%  +20일=-1.762%  +60일=-0.335%  +120일=7.743%
  2004-09-28  침체중=False  +5일=2.2%  +20일=0.093%  +60일=8.964%  +120일=6.641%
  2004-12-14  침체중=False  +5일=0.172%  +20일=-1.303%  +60일=-0.274%  +120일=-0.509%
  2005-03-23  침체중=False  +5일=0.687%  +20일=-1.073%  +60일=3.789%  +120일=5.004%
  2005-09-21  침체중=False  +5일=0.553%  +20일=-1.193%  +60일=5.019%  +120일=7.67%
  2006-05-18  침체중=False  +5일=0.877%  +20일=-0.814%  +60일=0.507%  +120일=9.592%
  2006-09-06  침체중=False  +5일=1.37%  +20일=3.841%  +60일=7.719%  +120일=7.915%
  2007-04-30  침체중=False  +5일=1.829%  +20일=2.411%  +60일=2.41%  +120일=3.893%
  2007-08-09  침체중=False  +5일=-2.878%  +20일=0.032%  +60일=3.892%  +120일=-5.13%
  2008-03-04  침체중=True  +5일=-0.46%  +20일=3.074%  +60일=5.39%  +120일=-2.604%
  2008-04-09  침체중=True  +5일=0.755%  +20일=2.811%  +60일=-6.762%  +120일=-18.315%
  2008-09-15  침체중=True  +5일=1.207%  +20일=-15.876%  +60일=-25.491%  +120일=-43.277%
  2015-09-16  침체중=False  +5일=-2.834%  +20일=-0.054%  +60일=2.853%  +120일=-0.303%
  2015-12-17  침체중=False  +5일=0.935%  +20일=-7.863%  +60일=-0.718%  +120일=2.653%
  2018-03-21  침체중=False  +5일=-3.943%  +20일=-0.693%  +60일=2.497%  +120일=6.488%
  2020-03-13  침체중=True  +5일=-14.98%  +20일=1.867%  +60일=18.302%  +120일=32.085%

DONE
