VIX(VIXCLS) 조회 중...
BAA10Y(크레딧 스프레드) 조회 중...
USREC(NBER 침체 판정) 조회 중...
S&P500(^GSPC) 조회 중...

VIX>=30 급등 이벤트: 35건

=== H1: 크레딧확인 12건 중 침체중 비율 ===
침체중: 4/12건 (33.3%)
H1 판정: 진짜 독립적인 정보(<50%)

=== H2: 침체 여부로 통제한 뒤 크레딧확인 축 재검증 ===

[침체중 x 크레딧확인]
[침체중 x 크레딧확인] n=4
   +5일: 0.157% (승률 75.0%)
   +20일: -1.976% (승률 75.0%)
   +60일: -2.288% (승률 75.0%)
   +120일: -11.731% (승률 25.0%)

[침체중 x 크레딧비확인]
[침체중 x 크레딧비확인] n=2 < 4 — 통계 대신 개별 사례
    1990-08-06  +5일=1.319%  +20일=-3.391%  +60일=-9.081%  +120일=0.49%
    1991-01-08  +5일=-0.372%  +20일=11.547%  +60일=20.6%  +120일=17.866%

[비침체중 x 크레딧확인]
[비침체중 x 크레딧확인] n=8
   +5일: 2.116% (승률 62.5%)
   +20일: 2.128% (승률 75.0%)
   +60일: 0.22% (승률 50.0%)
   +120일: -2.627% (승률 25.0%)

[비침체중 x 크레딧비확인]
[비침체중 x 크레딧비확인] n=21
   +5일: 1.661% (승률 71.4%)
   +20일: 1.808% (승률 66.7%)
   +60일: 6.709% (승률 71.4%)
   +120일: 10.795% (승률 85.0%)

=== H3: 크레딧확인 12건 전체 개별 사례(탐색적) ===
  1998-12-14  VIX=31.3  침체중=False  +5일=5.401%  +20일=8.167%  +60일=13.441%  +120일=15.434%
  2000-10-12  VIX=30.5  침체중=False  +5일=4.435%  +20일=5.291%  +60일=-2.179%  +120일=-13.411%
  2000-12-20  VIX=31.7  침체중=False  +5일=5.494%  +20일=6.18%  +60일=-9.656%  +120일=-3.548%
  2001-03-12  VIX=30.3  침체중=False  +5일=-0.792%  +20일=-3.607%  +60일=7.615%  +120일=-4.332%
  2001-09-07  VIX=31.0  침체중=True  +5일=-9.324%  +20일=1.073%  +60일=6.68%  +120일=6.609%
  2002-07-09  VIX=30.2  침체중=False  +5일=-5.446%  +20일=-9.788%  +60일=-13.11%  +120일=-8.126%
  2007-08-15  VIX=30.7  침체중=False  +5일=4.078%  +20일=5.492%  +60일=4.839%  +120일=-5.705%
  2007-11-12  VIX=31.1  침체중=False  +5일=-0.411%  +20일=2.673%  +60일=-7.497%  +120일=-1.454%
  2008-01-22  VIX=31.0  침체중=True  +5일=3.953%  +20일=3.779%  +60일=4.201%  +120일=-6.272%
  2008-03-14  VIX=31.2  침체중=True  +5일=4.793%  +20일=3.119%  +60일=5.457%  +120일=-3.983%
  2008-09-15  VIX=31.7  침체중=True  +5일=1.207%  +20일=-15.876%  +60일=-25.491%  +120일=-43.277%
  2015-08-24  VIX=40.7  침체중=False  +5일=4.171%  +20일=2.616%  +60일=8.305%  +120일=0.125%

DONE
