VIX(VIXCLS) 조회 중...
T10Y2Y(장단기 금리차) 조회 중...
BAA10Y(크레딧 스프레드) 조회 중...
S&P500(^GSPC) 조회 중...

VIX>=30 급등 이벤트: 35건
금리역전 시작(10거래일 지속형): 12건, 정상화: 12건
크레딧 스트레스 시작(90퍼센타일, 10거래일 지속형): 10건, 해소: 10건

=== H3: VIX>=30 이벤트 35건 중 다른 신호와의 중첩 (탐색적) ===
  1990-08-06  VIX=35.9  역전중=False  크레딧스트레스중=False
  1991-01-08  VIX=30.4  역전중=False  크레딧스트레스중=False
  1997-10-27  VIX=31.1  역전중=False  크레딧스트레스중=False
  1997-12-24  VIX=30.3  역전중=False  크레딧스트레스중=False
  1998-08-04  VIX=31.1  역전중=False  크레딧스트레스중=False
  1998-12-14  VIX=31.3  역전중=False  크레딧스트레스중=True
  2000-04-14  VIX=33.5  역전중=True  크레딧스트레스중=False
  2000-10-12  VIX=30.5  역전중=True  크레딧스트레스중=True
  2000-12-20  VIX=31.7  역전중=True  크레딧스트레스중=True
  2001-03-12  VIX=30.3  역전중=False  크레딧스트레스중=True
  2001-09-07  VIX=31.0  역전중=False  크레딧스트레스중=True
  2002-07-09  VIX=30.2  역전중=False  크레딧스트레스중=True
  2003-01-24  VIX=31.5  역전중=False  크레딧스트레스중=False
  2007-08-15  VIX=30.7  역전중=False  크레딧스트레스중=True
  2007-11-12  VIX=31.1  역전중=False  크레딧스트레스중=True
  2008-01-22  VIX=31.0  역전중=False  크레딧스트레스중=True
  2008-03-14  VIX=31.2  역전중=False  크레딧스트레스중=True
  2008-09-15  VIX=31.7  역전중=False  크레딧스트레스중=True
  2009-10-30  VIX=30.7  역전중=False  크레딧스트레스중=False
  2010-05-06  VIX=32.8  역전중=False  크레딧스트레스중=False
  2011-08-04  VIX=31.7  역전중=False  크레딧스트레스중=False
  2015-08-24  VIX=40.7  역전중=False  크레딧스트레스중=True
  2018-02-05  VIX=37.3  역전중=False  크레딧스트레스중=False
  2018-12-21  VIX=30.1  역전중=False  크레딧스트레스중=False
  2020-02-27  VIX=39.2  역전중=False  크레딧스트레스중=False
  2020-09-03  VIX=33.6  역전중=False  크레딧스트레스중=False
  2020-10-26  VIX=32.5  역전중=False  크레딧스트레스중=False
  2021-01-27  VIX=37.2  역전중=False  크레딧스트레스중=False
  2021-12-01  VIX=31.1  역전중=False  크레딧스트레스중=False
  2022-01-25  VIX=31.2  역전중=False  크레딧스트레스중=False
  2022-04-26  VIX=33.5  역전중=False  크레딧스트레스중=False
  2022-09-26  VIX=32.3  역전중=True  크레딧스트레스중=False
  2024-08-05  VIX=38.6  역전중=True  크레딧스트레스중=False
  2025-04-03  VIX=30.0  역전중=False  크레딧스트레스중=False
  2026-03-27  VIX=31.1  역전중=False  크레딧스트레스중=False

요약: 역전중 5/35건, 크레딧스트레스중 12/35건, 둘다 2/35건

=== H1: VIX>=30 급등, 역전중 vs 비역전중 ===
[VIX급등 x 역전중] n=5
   +5일: 3.804% (승률 100.0%)
   +20일: 5.806% (승률 100.0%)
   +60일: 3.048% (승률 60.0%)
   +120일: 2.805% (승률 60.0%)
[VIX급등 x 비역전중] n=30
   +5일: 1.146% (승률 63.3%)
   +20일: 0.874% (승률 63.3%)
   +60일: 4.326% (승률 66.7%)
   +120일: 5.251% (승률 65.5%)

=== H2: VIX>=30 급등, 크레딧스트레스중 vs 평온 ===
[VIX급등 x 크레딧스트레스중] n=12
   +5일: 1.463% (승률 66.7%)
   +20일: 0.76% (승률 75.0%)
   +60일: -0.616% (승률 58.3%)
   +120일: -5.662% (승률 25.0%)
[VIX급등 x 크레딧평온] n=23
   +5일: 1.558% (승률 69.6%)
   +20일: 2.005% (승률 65.2%)
   +60일: 6.627% (승률 69.6%)
   +120일: 10.648% (승률 86.4%)

DONE
