VIX(VIXCLS) 조회 중...
T10Y2Y(장단기 금리차) 조회 중...
BAA10Y(크레딧 스프레드) 조회 중...
TEDRATE(TED 스프레드) 조회 중...
S&P500(^GSPC) 조회 중...

분석 공통 구간: 1990-01-29 ~ 2022-01-21 (8059거래일)
/workspaces/Quant/analysis/macro_event_study_2026-08-21/four_gauge_dashboard_study.py:119: FutureWarning: Downcasting object dtype arrays on .fillna, .ffill, .bfill is deprecated and will change in a future version. Call result.infer_objects(copy=False) instead. To opt-in to the future behavior, set `pd.set_option('future.no_silent_downcasting', True)`
  s = state.reindex(state.index.union(days)).sort_index().ffill()
/workspaces/Quant/analysis/macro_event_study_2026-08-21/four_gauge_dashboard_study.py:119: FutureWarning: Downcasting object dtype arrays on .fillna, .ffill, .bfill is deprecated and will change in a future version. Call result.infer_objects(copy=False) instead. To opt-in to the future behavior, set `pd.set_option('future.no_silent_downcasting', True)`
  s = state.reindex(state.index.union(days)).sort_index().ffill()
/workspaces/Quant/analysis/macro_event_study_2026-08-21/four_gauge_dashboard_study.py:119: FutureWarning: Downcasting object dtype arrays on .fillna, .ffill, .bfill is deprecated and will change in a future version. Call result.infer_objects(copy=False) instead. To opt-in to the future behavior, set `pd.set_option('future.no_silent_downcasting', True)`
  s = state.reindex(state.index.union(days)).sort_index().ffill()
/workspaces/Quant/analysis/macro_event_study_2026-08-21/four_gauge_dashboard_study.py:119: FutureWarning: Downcasting object dtype arrays on .fillna, .ffill, .bfill is deprecated and will change in a future version. Call result.infer_objects(copy=False) instead. To opt-in to the future behavior, set `pd.set_option('future.no_silent_downcasting', True)`
  s = state.reindex(state.index.union(days)).sort_index().ffill()

게이지 개수 분포(거래일 기준):
0    5302
1    1931
2     688
3     138
Name: count, dtype: int64

총 에피소드 수: 238건

=== H1: 게이지 개수별 에피소드 순방향 수익률(에피소드 시작일 기준) ===
[게이지 0개] n=73
   +5일: 0.486% (승률 61.6%)
   +20일: 0.614% (승률 58.9%)
   +60일: 4.421% (승률 76.7%)
   +120일: 9.267% (승률 84.9%)
[게이지 1개] n=110
   +5일: 0.506% (승률 54.5%)
   +20일: 1.192% (승률 59.1%)
   +60일: 4.084% (승률 70.9%)
   +120일: 7.439% (승률 76.4%)
[게이지 2개] n=45
   +5일: 0.579% (승률 57.8%)
   +20일: 2.191% (승률 75.6%)
   +60일: 2.864% (승률 62.2%)
   +120일: 3.395% (승률 60.0%)
[게이지 3개] n=10
   +5일: 1.319% (승률 70.0%)
   +20일: 1.656% (승률 80.0%)
   +60일: 1.547% (승률 60.0%)
   +120일: -0.679% (승률 30.0%)
[게이지 4개] 표본 없음

=== H2: 게이지 3개 이상 동시점등 에피소드 ===
3개 이상 에피소드: 10건
  게이지3개  1998-09-15 ~ 1998-10-28 (32거래일)  +60일=14.052%  +120일=23.337%
  게이지3개  1998-12-14 ~ 1998-12-14 (1거래일)  +60일=13.441%  +120일=15.434%
  게이지3개  2000-10-12 ~ 2000-10-12 (1거래일)  +60일=-2.179%  +120일=-13.411%
  게이지3개  2000-12-20 ~ 2000-12-20 (1거래일)  +60일=-9.656%  +120일=-3.548%
  게이지3개  2007-08-15 ~ 2007-08-16 (2거래일)  +60일=4.839%  +120일=-5.705%
  게이지3개  2007-11-12 ~ 2007-11-12 (1거래일)  +60일=-7.497%  +120일=-1.454%
  게이지3개  2008-01-22 ~ 2008-01-22 (1거래일)  +60일=4.201%  +120일=-6.272%
  게이지3개  2008-03-14 ~ 2008-03-17 (2거래일)  +60일=5.457%  +120일=-3.983%
  게이지3개  2008-09-15 ~ 2008-12-11 (63거래일)  +60일=-25.491%  +120일=-43.277%
  게이지3개  2020-03-13 ~ 2020-04-30 (34거래일)  +60일=18.302%  +120일=32.085%

DONE
