2005-01-01 이후 인하 이벤트: 21건
  침체 중 인하: 9건, 보험성 인하: 12건
   2007-09-18: 보험성
   2007-10-31: 보험성
   2007-12-11: 보험성
   2008-01-22: 침체중
   2008-01-30: 침체중
   2008-03-18: 침체중
   2008-04-30: 침체중
   2008-10-08: 침체중
   2008-10-29: 침체중
   2008-12-16: 침체중
   2019-08-01: 보험성
   2019-09-19: 보험성
   2019-10-31: 보험성
   2020-03-04: 침체중
   2020-03-16: 침체중
   2024-09-19: 보험성
   2024-11-08: 보험성
   2024-12-19: 보험성
   2025-09-18: 보험성
   2025-10-30: 보험성
   2025-12-11: 보험성
$GLD: possibly delisted; no price data found  (1d 2004-06-01 -> 2004-11-17) (Yahoo error = "Data doesn't exist for startDate = 1086062400, endDate = 1100667600")

1 Failed download:
['GLD']: possibly delisted; no price data found  (1d 2004-06-01 -> 2004-11-17) (Yahoo error = "Data doesn't exist for startDate = 1086062400, endDate = 1100667600")

=== 채권(TLT) ===
  [침체중 인하] n=9, +60일=0.657%(승률33.3%)
  [보험성 인하] n=12, +60일=-0.203%(승률50.0%)

=== 금(GLD) ===
  [침체중 인하] n=9, +60일=4.097%(승률66.7%)
  [보험성 인하] n=12, +60일=12.895%(승률91.7%)

=== 달러지수 ===
  [침체중 인하] n=9, +60일=0.288%(승률55.6%)
  [보험성 인하] n=12, +60일=-0.598%(승률41.7%)

DONE
