VIX(VIXCLS) 조회 중...
VIX 데이터: 1990-01-02 ~ 2026-08-20, 9256개
S&P500(^GSPC) 조회 중...
S&P500 데이터: 1990-01-02 ~ 2026-08-19, 9225개
USREC(NBER 침체 판정) 조회 중...

=== VIX >= 30 급등 이벤트 탐지 ===
급등 이벤트: 35건
  1990-08-06  VIX=35.9
  1991-01-08  VIX=30.4
  1997-10-27  VIX=31.1
  1997-12-24  VIX=30.3
  1998-08-04  VIX=31.1
  1998-12-14  VIX=31.3
  2000-04-14  VIX=33.5
  2000-10-12  VIX=30.5
  2000-12-20  VIX=31.7
  2001-03-12  VIX=30.3
  2001-09-07  VIX=31.0
  2002-07-09  VIX=30.2
  2003-01-24  VIX=31.5
  2007-08-15  VIX=30.7
  2007-11-12  VIX=31.1
  2008-01-22  VIX=31.0
  2008-03-14  VIX=31.2
  2008-09-15  VIX=31.7
  2009-10-30  VIX=30.7
  2010-05-06  VIX=32.8
  2011-08-04  VIX=31.7
  2015-08-24  VIX=40.7
  2018-02-05  VIX=37.3
  2018-12-21  VIX=30.1
  2020-02-27  VIX=39.2
  2020-09-03  VIX=33.6
  2020-10-26  VIX=32.5
  2021-01-27  VIX=37.2
  2021-12-01  VIX=31.1
  2022-01-25  VIX=31.2
  2022-04-26  VIX=33.5
  2022-09-26  VIX=32.3
  2024-08-05  VIX=38.6
  2025-04-03  VIX=30.0
  2026-03-27  VIX=31.1
[VIX>=30 전체] n=35
   +5일: 1.526% (승률 68.6%)
   +20일: 1.578% (승률 68.6%)
   +60일: 4.144% (승률 65.7%)
   +120일: 4.891% (승률 64.7%)
[VIX>=30 침체중] n=6
   +5일: 0.263% (승률 66.7%)
   +20일: 0.042% (승률 66.7%)
   +60일: 0.394% (승률 66.7%)
   +120일: -4.761% (승률 50.0%)
[VIX>=30 비침체] n=29
   +5일: 1.787% (승률 69.0%)
   +20일: 1.896% (승률 69.0%)
   +60일: 4.919% (승률 65.5%)
   +120일: 6.96% (승률 67.9%)

=== VIX >= 40 급등 이벤트 탐지 ===
급등 이벤트: 13건
  1998-08-31  VIX=44.3
  2001-09-17  VIX=41.8
  2002-07-22  VIX=41.9
  2002-09-19  VIX=40.6
  2008-09-29  VIX=46.7
  2010-05-07  VIX=41.0
  2011-08-08  VIX=48.0
  2011-09-22  VIX=41.4
  2015-08-24  VIX=40.7
  2020-02-28  VIX=40.1
  2020-06-11  VIX=40.8
  2020-10-28  VIX=40.3
  2025-04-04  VIX=45.3
[VIX>=40 전체] n=13
   +5일: 3.242% (승률 84.6%)
   +20일: 2.674% (승률 76.9%)
   +60일: 8.139% (승률 92.3%)
   +120일: 13.31% (승률 84.6%)
[VIX>=40 침체중] n=2
   +5일: -3.939% (승률 0.0%)
   +20일: -9.172% (승률 50.0%)
   +60일: -6.276% (승률 50.0%)
   +120일: -6.579% (승률 50.0%)
[VIX>=40 비침체] n=11
   +5일: 4.548% (승률 100.0%)
   +20일: 4.828% (승률 81.8%)
   +60일: 10.76% (승률 100.0%)
   +120일: 16.926% (승률 90.9%)

=== VIX >= 50 급등 이벤트 탐지 ===
급등 이벤트: 4건
  2008-10-06  VIX=52.0
  2009-02-23  VIX=52.6
  2020-03-09  VIX=54.5
  2025-04-08  VIX=52.3
[VIX>=50 전체] n=4
   +5일: -3.901% (승률 25.0%)
   +20일: 3.033% (승률 50.0%)
   +60일: 11.591% (승률 75.0%)
   +120일: 17.964% (승률 75.0%)
[VIX>=50 침체중] n=3
   +5일: -7.969% (승률 0.0%)
   +20일: -0.294% (승률 33.3%)
   +60일: 7.112% (승률 66.7%)
   +120일: 12.542% (승률 66.7%)
[VIX>=50 비침체] n=1
   +5일: 8.306% (승률 100.0%)
   +20일: 13.015% (승률 100.0%)
   +60일: 25.03% (승률 100.0%)
   +120일: 34.232% (승률 100.0%)

DONE
