VIX(VIXCLS) 조회 중...
S&P500(^GSPC) 조회 중...

===== H1: 저VIX(안일함) 이벤트 =====

VIX<= 13 진입 이벤트: 31건
  1992-07-15  VIX=12.5
  1992-09-02  VIX=12.7
  1992-11-24  VIX=12.7
  1993-12-03  VIX=12.7
  1994-03-17  VIX=12.8
  1994-05-18  VIX=12.6
  1994-12-15  VIX=12.9
  1995-11-03  VIX=12.3
  2004-10-01  VIX=12.8
  2004-11-18  VIX=13.0
  2005-05-23  VIX=12.9
  2005-11-03  VIX=13.0
  2006-08-16  VIX=12.4
  2013-01-18  VIX=12.5
  2013-07-19  VIX=12.5
  2013-11-04  VIX=12.9
  2014-05-02  VIX=12.9
  2014-11-10  VIX=12.7
  2015-04-10  VIX=12.6
  2016-07-14  VIX=12.8
  2016-11-18  VIX=12.8
  2018-05-11  VIX=12.7
  2019-03-15  VIX=12.9
  2019-07-02  VIX=12.9
  2019-10-25  VIX=12.7
  2023-06-22  VIX=12.9
  2023-09-14  VIX=12.8
  2023-11-22  VIX=12.8
  2024-03-21  VIX=12.9
  2024-05-08  VIX=13.0
  2024-12-06  VIX=12.8
[VIX<=13] n=31
   +5일: 0.001% (승률 54.8%)
   +20일: 1.046% (승률 77.4%)
   +60일: 2.874% (승률 77.4%)
   +120일: 5.311% (승률 80.6%)

VIX<= 15 진입 이벤트: 35건
  1990-06-21  VIX=14.7
  1991-03-14  VIX=14.9
  1991-08-13  VIX=14.7
  1991-10-01  VIX=14.8
  1992-04-16  VIX=14.8
  1992-11-06  VIX=14.7
  1994-12-13  VIX=14.5
  1996-04-24  VIX=14.9
  1996-06-27  VIX=14.2
  1996-08-16  VIX=14.8
  1996-10-04  VIX=14.8
  1996-11-11  VIX=14.0
  2004-01-16  VIX=15.0
  2004-02-25  VIX=14.9
  2004-04-05  VIX=15.0
  2004-06-16  VIX=14.8
  2004-08-25  VIX=15.0
  2011-04-21  VIX=14.7
  2012-03-13  VIX=14.8
  2012-08-10  VIX=14.7
  2013-01-02  VIX=14.7
  2013-07-05  VIX=14.9
  2015-02-13  VIX=14.7
  2015-10-19  VIX=15.0
  2016-03-16  VIX=15.0
  2018-03-09  VIX=14.6
  2018-05-04  VIX=14.8
  2019-02-15  VIX=14.9
  2019-09-06  VIX=15.0
  2023-06-02  VIX=14.6
  2023-11-03  VIX=14.9
  2024-11-08  VIX=14.9
  2025-07-25  VIX=14.9
  2025-12-11  VIX=14.8
  2026-08-07  VIX=14.9
[VIX<=15] n=35
   +5일: 0.074% (승률 62.9%)
   +20일: 0.697% (승률 67.6%)
   +60일: 1.906% (승률 64.7%)
   +120일: 4.647% (승률 70.6%)

===== H2: 룩백 윈도우 민감도(10/20/30거래일) =====
[lookback=10, VIX>=30] n=44
   +5일: 1.383% (승률 68.2%)
   +20일: 1.85% (승률 72.7%)
   +60일: 3.947% (승률 68.2%)
   +120일: 6.421% (승률 69.8%)
[lookback=10, VIX>=40] n=14
   +5일: 2.685% (승률 78.6%)
   +20일: 2.842% (승률 78.6%)
   +60일: 9.027% (승률 92.9%)
   +120일: 14.126% (승률 85.7%)
[lookback=10, VIX>=50] n=5
   +5일: -3.4% (승률 20.0%)
   +20일: 2.026% (승률 40.0%)
   +60일: 9.22% (승률 60.0%)
   +120일: 15.295% (승률 80.0%)
[lookback=20, VIX>=30] n=35
   +5일: 1.526% (승률 68.6%)
   +20일: 1.578% (승률 68.6%)
   +60일: 4.144% (승률 65.7%)
   +120일: 4.891% (승률 64.7%)
[lookback=20, VIX>=40] n=13
   +5일: 3.242% (승률 84.6%)
   +20일: 2.674% (승률 76.9%)
   +60일: 8.139% (승률 92.3%)
   +120일: 13.31% (승률 84.6%)
[lookback=20, VIX>=50] n=4
   +5일: -3.901% (승률 25.0%)
   +20일: 3.033% (승률 50.0%)
   +60일: 11.591% (승률 75.0%)
   +120일: 17.964% (승률 75.0%)
[lookback=30, VIX>=30] n=32
   +5일: 1.547% (승률 68.8%)
   +20일: 1.924% (승률 71.9%)
   +60일: 3.931% (승률 65.6%)
   +120일: 4.698% (승률 64.5%)
[lookback=30, VIX>=40] n=12
   +5일: 3.285% (승률 83.3%)
   +20일: 2.264% (승률 75.0%)
   +60일: 8.152% (승률 91.7%)
   +120일: 12.405% (승률 83.3%)
[lookback=30, VIX>=50] n=3
   +5일: -3.294% (승률 33.3%)
   +20일: 0.475% (승률 33.3%)
   +60일: 8.065% (승률 66.7%)
   +120일: 11.872% (승률 66.7%)

DONE
