장단기 금리차(T10Y2Y) 조회 중...
지속형 역전 시작: 12건, 정상화(역전 해소): 12건
  역전 시작: 1978-08-18
  역전 시작: 1980-09-12
  역전 시작: 1982-01-20
  역전 시작: 1989-01-04
  역전 시작: 1989-08-11
  역전 시작: 1990-03-08
  역전 시작: 1998-06-15
  역전 시작: 2000-02-11
  역전 시작: 2006-01-31
  역전 시작: 2006-06-08
  역전 시작: 2007-05-03
  역전 시작: 2022-07-06
  정상화: 1980-05-02
  정상화: 1981-11-06
  정상화: 1982-07-19
  정상화: 1989-06-30
  정상화: 1989-10-12
  정상화: 1990-03-30
  정상화: 1998-07-28
  정상화: 2000-12-29
  정상화: 2006-03-30
  정상화: 2007-03-21
  정상화: 2007-06-06
  정상화: 2024-09-06

=== 역전 시작 이후 S&P500 ===
[역전 시작] n=12
   +5일: -0.027% (승률 50.0%)
   +20일: 2.438% (승률 75.0%)
   +60일: -0.106% (승률 58.3%)
   +250일: 9.65% (승률 66.7%)
   +500일: 12.057% (승률 75.0%)

=== 정상화(역전 해소) 이후 S&P500 ===
[정상화] n=12
   +5일: -0.42% (승률 33.3%)
   +20일: 1.059% (승률 66.7%)
   +60일: 2.951% (승률 50.0%)
   +250일: 10.013% (승률 66.7%)
   +500일: 3.959% (승률 72.7%)

DONE
